// Jest Snapshot v1, https://goo.gl/fbAQLP

exports[`<TextInput /> handles file type 1`] = `
<div
  className="input-field col file-field"
>
  <div
    className="btn"
  >
    <span>
      File
    </span>
    <input
      className=""
      id={[Function]}
      type="file"
    />
  </div>
  <div
    className="file-path-wrapper"
  >
    <input
      className="file-path validate"
      type="text"
    />
  </div>
</div>
`;
